Release 14.7 - xst P.20131013 (lin64)
Copyright (c) 1995-2013 Xilinx, Inc.  All rights reserved.
--> 
Parameter TMPDIR set to xst/projnav.tmp


Total REAL time to Xst completion: 0.00 secs
Total CPU time to Xst completion: 0.06 secs
 
--> 
Parameter xsthdpdir set to xst


Total REAL time to Xst completion: 0.00 secs
Total CPU time to Xst completion: 0.06 secs
 
--> 
Reading design: Single_Cycle.prj

TABLE OF CONTENTS
  1) Synthesis Options Summary
  2) HDL Compilation
  3) Design Hierarchy Analysis
  4) HDL Analysis
  5) HDL Synthesis
     5.1) HDL Synthesis Report
  6) Advanced HDL Synthesis
     6.1) Advanced HDL Synthesis Report
  7) Low Level Synthesis
  8) Partition Report
  9) Final Report
	9.1) Device utilization summary
	9.2) Partition Resource Summary
	9.3) TIMING REPORT


=========================================================================
*                      Synthesis Options Summary                        *
=========================================================================
---- Source Parameters
Input File Name                    : "Single_Cycle.prj"
Input Format                       : mixed
Ignore Synthesis Constraint File   : NO

---- Target Parameters
Output File Name                   : "Single_Cycle"
Output Format                      : NGC
Target Device                      : xc3s400-5-pq208

---- Source Options
Top Module Name                    : Single_Cycle
Automatic FSM Extraction           : YES
FSM Encoding Algorithm             : Auto
Safe Implementation                : No
FSM Style                          : LUT
RAM Extraction                     : Yes
RAM Style                          : Auto
ROM Extraction                     : Yes
Mux Style                          : Auto
Decoder Extraction                 : YES
Priority Encoder Extraction        : Yes
Shift Register Extraction          : YES
Logical Shifter Extraction         : YES
XOR Collapsing                     : YES
ROM Style                          : Auto
Mux Extraction                     : Yes
Resource Sharing                   : YES
Asynchronous To Synchronous        : NO
Multiplier Style                   : Auto
Automatic Register Balancing       : No

---- Target Options
Add IO Buffers                     : YES
Global Maximum Fanout              : 500
Add Generic Clock Buffer(BUFG)     : 8
Register Duplication               : YES
Slice Packing                      : YES
Optimize Instantiated Primitives   : NO
Use Clock Enable                   : Yes
Use Synchronous Set                : Yes
Use Synchronous Reset              : Yes
Pack IO Registers into IOBs        : Auto
Equivalent register Removal        : YES

---- General Options
Optimization Goal                  : Speed
Optimization Effort                : 1
Keep Hierarchy                     : No
Netlist Hierarchy                  : As_Optimized
RTL Output                         : Yes
Global Optimization                : AllClockNets
Read Cores                         : YES
Write Timing Constraints           : NO
Cross Clock Analysis               : NO
Hierarchy Separator                : /
Bus Delimiter                      : <>
Case Specifier                     : Maintain
Slice Utilization Ratio            : 100
BRAM Utilization Ratio             : 100
Verilog 2001                       : YES
Auto BRAM Packing                  : NO
Slice Utilization Ratio Delta      : 5

---- Other Options
Cores Search Directories           : {"ipcore_dir"  }

=========================================================================


=========================================================================
*                          HDL Compilation                              *
=========================================================================
Compiling verilog file "reg_file.v" in library work
Compiling verilog file "next_address.v" in library work
Module <reg_file> compiled
Compiling verilog file "ipcore_dir/KGPRISC.v" in library work
Module <next_address> compiled
Compiling verilog file "control_file.v" in library work
Module <KGPRISC> compiled
Compiling verilog file "alu.v" in library work
Module <control_file> compiled
Compiling verilog file "Single_Cycle.v" in library work
Module <alu> compiled
Module <Single_Cycle> compiled
No errors in compilation
Analysis of file <"Single_Cycle.prj"> succeeded.
 

=========================================================================
*                     Design Hierarchy Analysis                         *
=========================================================================
Analyzing hierarchy for module <Single_Cycle> in library <work>.

Analyzing hierarchy for module <control_file> in library <work>.

Analyzing hierarchy for module <reg_file> in library <work>.

Analyzing hierarchy for module <alu> in library <work>.

Analyzing hierarchy for module <next_address> in library <work>.


=========================================================================
*                            HDL Analysis                               *
=========================================================================
Analyzing top module <Single_Cycle>.
Module <Single_Cycle> is correct for synthesis.
 
Analyzing module <control_file> in library <work>.
Module <control_file> is correct for synthesis.
 
Analyzing module <reg_file> in library <work>.
Module <reg_file> is correct for synthesis.
 
Analyzing module <alu> in library <work>.
Module <alu> is correct for synthesis.
 
Analyzing module <next_address> in library <work>.
Module <next_address> is correct for synthesis.
 

=========================================================================
*                           HDL Synthesis                               *
=========================================================================

Performing bidirectional port resolution...
INFO:Xst:2679 - Register <jmp_label_extended<1>> in unit <next_address> has a constant value of 0 during circuit operation. The register is replaced by logic.
INFO:Xst:2679 - Register <jmp_label_extended<0>> in unit <next_address> has a constant value of 0 during circuit operation. The register is replaced by logic.

Synthesizing Unit <control_file>.
    Related source file is "control_file.v".
WARNING:Xst:737 - Found 2-bit latch for signal <reg_dst>. Latches may be generated from incomplete case or if statements. We do not recommend the use of latches in FPGA/CPLD designs, as they may lead to timing problems.
INFO:Xst:2371 - HDL ADVISOR - Logic functions respectively driving the data and gate enable inputs of this latch share common terms. This situation will potentially lead to setup/hold violations and, as a result, to simulation problems. This situation may come from an incomplete case statement (all selector values are not covered). You should carefully review if it was in your intentions to describe such a latch.
WARNING:Xst:737 - Found 1-bit latch for signal <reg_write>. Latches may be generated from incomplete case or if statements. We do not recommend the use of latches in FPGA/CPLD designs, as they may lead to timing problems.
INFO:Xst:2371 - HDL ADVISOR - Logic functions respectively driving the data and gate enable inputs of this latch share common terms. This situation will potentially lead to setup/hold violations and, as a result, to simulation problems. This situation may come from an incomplete case statement (all selector values are not covered). You should carefully review if it was in your intentions to describe such a latch.
WARNING:Xst:737 - Found 2-bit latch for signal <alu_imm>. Latches may be generated from incomplete case or if statements. We do not recommend the use of latches in FPGA/CPLD designs, as they may lead to timing problems.
INFO:Xst:2371 - HDL ADVISOR - Logic functions respectively driving the data and gate enable inputs of this latch share common terms. This situation will potentially lead to setup/hold violations and, as a result, to simulation problems. This situation may come from an incomplete case statement (all selector values are not covered). You should carefully review if it was in your intentions to describe such a latch.
WARNING:Xst:737 - Found 2-bit latch for signal <functionals>. Latches may be generated from incomplete case or if statements. We do not recommend the use of latches in FPGA/CPLD designs, as they may lead to timing problems.
INFO:Xst:2371 - HDL ADVISOR - Logic functions respectively driving the data and gate enable inputs of this latch share common terms. This situation will potentially lead to setup/hold violations and, as a result, to simulation problems. This situation may come from an incomplete case statement (all selector values are not covered). You should carefully review if it was in your intentions to describe such a latch.
WARNING:Xst:737 - Found 3-bit latch for signal <logic_fn>. Latches may be generated from incomplete case or if statements. We do not recommend the use of latches in FPGA/CPLD designs, as they may lead to timing problems.
INFO:Xst:2371 - HDL ADVISOR - Logic functions respectively driving the data and gate enable inputs of this latch share common terms. This situation will potentially lead to setup/hold violations and, as a result, to simulation problems. This situation may come from an incomplete case statement (all selector values are not covered). You should carefully review if it was in your intentions to describe such a latch.
WARNING:Xst:737 - Found 1-bit latch for signal <data_read>. Latches may be generated from incomplete case or if statements. We do not recommend the use of latches in FPGA/CPLD designs, as they may lead to timing problems.
INFO:Xst:2371 - HDL ADVISOR - Logic functions respectively driving the data and gate enable inputs of this latch share common terms. This situation will potentially lead to setup/hold violations and, as a result, to simulation problems. This situation may come from an incomplete case statement (all selector values are not covered). You should carefully review if it was in your intentions to describe such a latch.
WARNING:Xst:737 - Found 1-bit latch for signal <data_write>. Latches may be generated from incomplete case or if statements. We do not recommend the use of latches in FPGA/CPLD designs, as they may lead to timing problems.
INFO:Xst:2371 - HDL ADVISOR - Logic functions respectively driving the data and gate enable inputs of this latch share common terms. This situation will potentially lead to setup/hold violations and, as a result, to simulation problems. This situation may come from an incomplete case statement (all selector values are not covered). You should carefully review if it was in your intentions to describe such a latch.
WARNING:Xst:737 - Found 2-bit latch for signal <regin_data>. Latches may be generated from incomplete case or if statements. We do not recommend the use of latches in FPGA/CPLD designs, as they may lead to timing problems.
INFO:Xst:2371 - HDL ADVISOR - Logic functions respectively driving the data and gate enable inputs of this latch share common terms. This situation will potentially lead to setup/hold violations and, as a result, to simulation problems. This situation may come from an incomplete case statement (all selector values are not covered). You should carefully review if it was in your intentions to describe such a latch.
WARNING:Xst:737 - Found 4-bit latch for signal <br_type>. Latches may be generated from incomplete case or if statements. We do not recommend the use of latches in FPGA/CPLD designs, as they may lead to timing problems.
INFO:Xst:2371 - HDL ADVISOR - Logic functions respectively driving the data and gate enable inputs of this latch share common terms. This situation will potentially lead to setup/hold violations and, as a result, to simulation problems. This situation may come from an incomplete case statement (all selector values are not covered). You should carefully review if it was in your intentions to describe such a latch.
WARNING:Xst:737 - Found 2-bit latch for signal <pc_sel>. Latches may be generated from incomplete case or if statements. We do not recommend the use of latches in FPGA/CPLD designs, as they may lead to timing problems.
INFO:Xst:2371 - HDL ADVISOR - Logic functions respectively driving the data and gate enable inputs of this latch share common terms. This situation will potentially lead to setup/hold violations and, as a result, to simulation problems. This situation may come from an incomplete case statement (all selector values are not covered). You should carefully review if it was in your intentions to describe such a latch.
Unit <control_file> synthesized.


Synthesizing Unit <reg_file>.
    Related source file is "reg_file.v".
    Found 32-bit 32-to-1 multiplexer for signal <rs_val>.
    Found 32-bit 32-to-1 multiplexer for signal <rt_val>.
    Found 1024-bit register for signal <registers>.
INFO:Xst:738 - HDL ADVISOR - 1024 flip-flops were inferred for signal <registers>. You may be trying to describe a RAM in a way that is incompatible with block and distributed RAM resources available on Xilinx devices, or with a specific template that is not supported. Please review the Xilinx resources documentation and the XST user manual for coding guidelines. Taking advantage of RAM resources will lead to improved device usage and reduced synthesis time.
    Summary:
	inferred 1024 D-type flip-flop(s).
	inferred  64 Multiplexer(s).
Unit <reg_file> synthesized.


Synthesizing Unit <alu>.
    Related source file is "alu.v".
WARNING:Xst:737 - Found 1-bit latch for signal <zeroflag>. Latches may be generated from incomplete case or if statements. We do not recommend the use of latches in FPGA/CPLD designs, as they may lead to timing problems.
WARNING:Xst:737 - Found 1-bit latch for signal <msb>. Latches may be generated from incomplete case or if statements. We do not recommend the use of latches in FPGA/CPLD designs, as they may lead to timing problems.
WARNING:Xst:737 - Found 1-bit latch for signal <overflow>. Latches may be generated from incomplete case or if statements. We do not recommend the use of latches in FPGA/CPLD designs, as they may lead to timing problems.
WARNING:Xst:737 - Found 32-bit latch for signal <mux_input2>. Latches may be generated from incomplete case or if statements. We do not recommend the use of latches in FPGA/CPLD designs, as they may lead to timing problems.
INFO:Xst:2371 - HDL ADVISOR - Logic functions respectively driving the data and gate enable inputs of this latch share common terms. This situation will potentially lead to setup/hold violations and, as a result, to simulation problems. This situation may come from an incomplete case statement (all selector values are not covered). You should carefully review if it was in your intentions to describe such a latch.
    Found 32-bit adder carry out for signal <AUX_5$addsub0000>.
    Found 32-bit 5-to-1 multiplexer for signal <mux_input2$mux0000>.
    Found 32-bit shifter logical left for signal <mux_input2$shift0002> created at line 43.
    Found 32-bit shifter logical right for signal <mux_input2$shift0003> created at line 44.
    Found 32-bit xor2 for signal <mux_input2$xor0000> created at line 42.
    Found 32-bit adder for signal <mux_tmp$addsub0000> created at line 36.
    Summary:
	inferred   2 Adder/Subtractor(s).
	inferred  32 Multiplexer(s).
	inferred   2 Combinational logic shifter(s).
Unit <alu> synthesized.


Synthesizing Unit <next_address>.
    Related source file is "next_address.v".
WARNING:Xst:646 - Signal <sign_extended_address> is assigned but never used. This unconnected signal will be trimmed during the optimization process.
WARNING:Xst:646 - Signal <pseudo_adder_input_1> is assigned but never used. This unconnected signal will be trimmed during the optimization process.
WARNING:Xst:646 - Signal <mux_2_input_1> is assigned but never used. This unconnected signal will be trimmed during the optimization process.
WARNING:Xst:646 - Signal <mux_1_output> is assigned but never used. This unconnected signal will be trimmed during the optimization process.
WARNING:Xst:646 - Signal <jmp_label_extended> is assigned but never used. This unconnected signal will be trimmed during the optimization process.
    Found 32-bit register for signal <incr_pc>.
    Found 32-bit 4-to-1 multiplexer for signal <incr_pc$mux0000>.
    Summary:
	inferred  32 D-type flip-flop(s).
	inferred   1 Adder/Subtractor(s).
	inferred  32 Multiplexer(s).
Unit <next_address> synthesized.


Synthesizing Unit <Single_Cycle>.
    Related source file is "Single_Cycle.v".
WARNING:Xst:1780 - Signal <write_addr> is never used or assigned. This unconnected signal will be trimmed during the optimization process.
WARNING:Xst:646 - Signal <addr> is assigned but never used. This unconnected signal will be trimmed during the optimization process.
    Found 1-bit register for signal <real_carry_flag>.
    Found 32-bit 4-to-1 multiplexer for signal <reg_write_data>.
    Found 32-bit adder for signal <reg_write_data$addsub0000> created at line 119.
    Summary:
	inferred   1 D-type flip-flop(s).
	inferred   1 Adder/Subtractor(s).
	inferred  32 Multiplexer(s).
Unit <Single_Cycle> synthesized.


=========================================================================
HDL Synthesis Report

Macro Statistics
# Adders/Subtractors                                   : 4
 32-bit adder                                          : 3
 32-bit adder carry out                                : 1
# Registers                                            : 34
 1-bit register                                        : 1
 32-bit register                                       : 33
# Latches                                              : 14
 1-bit latch                                           : 6
 2-bit latch                                           : 5
 3-bit latch                                           : 1
 32-bit latch                                          : 1
 4-bit latch                                           : 1
# Multiplexers                                         : 5
 32-bit 32-to-1 multiplexer                            : 2
 32-bit 4-to-1 multiplexer                             : 2
 32-bit 5-to-1 multiplexer                             : 1
# Logic shifters                                       : 2
 32-bit shifter logical left                           : 1
 32-bit shifter logical right                          : 1
# Xors                                                 : 1
 32-bit xor2                                           : 1

=========================================================================

=========================================================================
*                       Advanced HDL Synthesis                          *
=========================================================================

Reading core <ipcore_dir/KGPRISC.ngc>.
Loading core <KGPRISC> for timing and area information for instance <instr_cache>.
Loading core <KGPRISC> for timing and area information for instance <data_cache>.

=========================================================================
Advanced HDL Synthesis Report

Macro Statistics
# Adders/Subtractors                                   : 4
 32-bit adder                                          : 3
 32-bit adder carry out                                : 1
# Registers                                            : 1057
 Flip-Flops                                            : 1057
# Latches                                              : 14
 1-bit latch                                           : 6
 2-bit latch                                           : 5
 3-bit latch                                           : 1
 32-bit latch                                          : 1
 4-bit latch                                           : 1
# Multiplexers                                         : 67
 1-bit 32-to-1 multiplexer                             : 64
 32-bit 4-to-1 multiplexer                             : 2
 32-bit 5-to-1 multiplexer                             : 1
# Logic shifters                                       : 2
 32-bit shifter logical left                           : 1
 32-bit shifter logical right                          : 1
# Xors                                                 : 1
 32-bit xor2                                           : 1

=========================================================================

=========================================================================
*                         Low Level Synthesis                           *
=========================================================================
INFO:Xst:2261 - The FF/Latch <data_read> in Unit <control_file> is equivalent to the following FF/Latch, which will be removed : <reg_dst_0> 
INFO:Xst:1901 - Instance U0/blk_mem_generator/valid.cstr/ramloop[3].ram.r/s3_init.ram/dpram.dp36x36.ram in unit U0/blk_mem_generator/valid.cstr/ramloop[3].ram.r/s3_init.ram/dpram.dp36x36.ram of type RAMB16_S36_S36 has been replaced by RAMB16
INFO:Xst:1901 - Instance U0/blk_mem_generator/valid.cstr/ramloop[2].ram.r/s3_init.ram/dpram.dp36x36.ram in unit U0/blk_mem_generator/valid.cstr/ramloop[2].ram.r/s3_init.ram/dpram.dp36x36.ram of type RAMB16_S36_S36 has been replaced by RAMB16
INFO:Xst:1901 - Instance U0/blk_mem_generator/valid.cstr/ramloop[1].ram.r/s3_init.ram/dpram.dp36x36.ram in unit U0/blk_mem_generator/valid.cstr/ramloop[1].ram.r/s3_init.ram/dpram.dp36x36.ram of type RAMB16_S36_S36 has been replaced by RAMB16
INFO:Xst:1901 - Instance U0/blk_mem_generator/valid.cstr/ramloop[0].ram.r/s3_init.ram/dpram.dp36x36.ram in unit U0/blk_mem_generator/valid.cstr/ramloop[0].ram.r/s3_init.ram/dpram.dp36x36.ram of type RAMB16_S36_S36 has been replaced by RAMB16
INFO:Xst:1901 - Instance U0/blk_mem_generator/valid.cstr/ramloop[3].ram.r/s3_init.ram/dpram.dp36x36.ram in unit U0/blk_mem_generator/valid.cstr/ramloop[3].ram.r/s3_init.ram/dpram.dp36x36.ram of type RAMB16_S36_S36 has been replaced by RAMB16
INFO:Xst:1901 - Instance U0/blk_mem_generator/valid.cstr/ramloop[2].ram.r/s3_init.ram/dpram.dp36x36.ram in unit U0/blk_mem_generator/valid.cstr/ramloop[2].ram.r/s3_init.ram/dpram.dp36x36.ram of type RAMB16_S36_S36 has been replaced by RAMB16
INFO:Xst:1901 - Instance U0/blk_mem_generator/valid.cstr/ramloop[1].ram.r/s3_init.ram/dpram.dp36x36.ram in unit U0/blk_mem_generator/valid.cstr/ramloop[1].ram.r/s3_init.ram/dpram.dp36x36.ram of type RAMB16_S36_S36 has been replaced by RAMB16
INFO:Xst:1901 - Instance U0/blk_mem_generator/valid.cstr/ramloop[0].ram.r/s3_init.ram/dpram.dp36x36.ram in unit U0/blk_mem_generator/valid.cstr/ramloop[0].ram.r/s3_init.ram/dpram.dp36x36.ram of type RAMB16_S36_S36 has been replaced by RAMB16

Optimizing unit <Single_Cycle> ...

Optimizing unit <reg_file> ...

Optimizing unit <next_address> ...

Optimizing unit <control_file> ...
INFO:Xst:2261 - The FF/Latch <regin_data_1> in Unit <control_file> is equivalent to the following FF/Latch, which will be removed : <reg_dst_1> 
INFO:Xst:2261 - The FF/Latch <regin_data_1> in Unit <control_file> is equivalent to the following FF/Latch, which will be removed : <reg_dst_1> 

Optimizing unit <alu> ...

Mapping all equations...
Building and optimizing final netlist ...
Found area constraint ratio of 100 (+ 5) on block Single_Cycle, actual ratio is 38.
Latch ALU/msb has been replicated 1 time(s) to handle iob=true attribute.

Final Macro Processing ...

=========================================================================
Final Register Report

Macro Statistics
# Registers                                            : 1057
 Flip-Flops                                            : 1057

=========================================================================

=========================================================================
*                           Partition Report                            *
=========================================================================

Partition Implementation Status
-------------------------------

  No Partitions were found in this design.

-------------------------------

=========================================================================
*                            Final Report                               *
=========================================================================
Final Results
RTL Top Level Output File Name     : Single_Cycle.ngr
Top Level Output File Name         : Single_Cycle
Output Format                      : NGC
Optimization Goal                  : Speed
Keep Hierarchy                     : No

Design Statistics
# IOs                              : 131

Cell Usage :
# BELS                             : 3546
#      BUF                         : 4
#      GND                         : 11
#      INV                         : 2
#      LUT1                        : 31
#      LUT2                        : 50
#      LUT3                        : 1478
#      LUT3_D                      : 1
#      LUT4                        : 543
#      LUT4_D                      : 9
#      MUXCY                       : 140
#      MUXF5                       : 700
#      MUXF6                       : 256
#      MUXF7                       : 128
#      MUXF8                       : 64
#      VCC                         : 1
#      XORCY                       : 128
# FlipFlops/Latches                : 1115
#      FD_1                        : 1
#      FDC_1                       : 32
#      FDE                         : 4
#      FDRE_1                      : 1024
#      LD                          : 50
#      LD_1                        : 4
# RAMS                             : 8
#      RAMB16                      : 8
# Clock Buffers                    : 2
#      BUFG                        : 1
#      BUFGP                       : 1
# IO Buffers                       : 130
#      IBUF                        : 1
#      OBUF                        : 129
=========================================================================

Device utilization summary:
---------------------------

Selected Device : 3s400pq208-5 

 Number of Slices:                     1422  out of   3584    39%  
 Number of Slice Flip Flops:           1114  out of   7168    15%  
 Number of 4 input LUTs:               2114  out of   7168    29%  
 Number of IOs:                         131
 Number of bonded IOBs:                 131  out of    141    92%  
    IOB Flip Flops:                       1
 Number of BRAMs:                         8  out of     16    50%  
 Number of GCLKs:                         2  out of      8    25%  

---------------------------
Partition Resource Summary:
---------------------------

  No Partitions were found in this design.

---------------------------


=========================================================================
TIMING REPORT

NOTE: THESE TIMING NUMBERS ARE ONLY A SYNTHESIS ESTIMATE.
      FOR ACCURATE TIMING INFORMATION PLEASE REFER TO THE TRACE REPORT
      GENERATED AFTER PLACE-and-ROUTE.

Clock Information:
------------------
----------------------------------------------------+------------------------------------------------------------------------------------------------------------------------------------------------------------------------------------+-------+
Clock Signal                                        | Clock buffer(FF name)                                                                                                                                                              | Load  |
----------------------------------------------------+------------------------------------------------------------------------------------------------------------------------------------------------------------------------------------+-------+
clk                                                 | BUFGP                                                                                                                                                                              | 1069  |
instr_cache/BU2/dbiterr                             | NONE(instr_cache/BU2/U0/blk_mem_generator/valid.cstr/ramloop[3].ram.r/s3_init.ram/dpram.dp36x36.ram/U0/blk_mem_generator/valid.cstr/ramloop[3].ram.r/s3_init.ram/dpram.dp36x36.ram)| 4     |
data_cache/BU2/dbiterr                              | NONE(data_cache/BU2/U0/blk_mem_generator/valid.cstr/ramloop[3].ram.r/s3_init.ram/dpram.dp36x36.ram/U0/blk_mem_generator/valid.cstr/ramloop[3].ram.r/s3_init.ram/dpram.dp36x36.ram) | 4     |
control/reg_dst_not0001(control/reg_dst_not000170:O)| NONE(*)(control/alu_imm_1)                                                                                                                                                         | 18    |
ALU/mux_input2_or00011(ALU/mux_input2_or00011:O)    | BUFG(*)(ALU/mux_input2_31)                                                                                                                                                         | 32    |
ALU/zeroflag_and0000(ALU/zeroflag_and00001:O)       | NONE(*)(ALU/zeroflag)                                                                                                                                                              | 4     |
----------------------------------------------------+------------------------------------------------------------------------------------------------------------------------------------------------------------------------------------+-------+
(*) These 3 clock signal(s) are generated by combinatorial logic,
and XST is not able to identify which are the primary clock signals.
Please use the CLOCK_SIGNAL constraint to specify the clock signal(s) generated by combinatorial logic.
INFO:Xst:2169 - HDL ADVISOR - Some clock signals were not automatically buffered by XST with BUFG/BUFR resources. Please use the buffer_type constraint in order to insert these buffers to the clock signals to help prevent skew problems.

Asynchronous Control Signals Information:
----------------------------------------
-----------------------------------+------------------------+-------+
Control Signal                     | Buffer(FF name)        | Load  |
-----------------------------------+------------------------+-------+
reset                              | IBUF                   | 32    |
-----------------------------------+------------------------+-------+

Timing Summary:
---------------
Speed Grade: -5

   Minimum period: 35.010ns (Maximum Frequency: 28.564MHz)
   Minimum input arrival time before clock: 9.307ns
   Maximum output required time after clock: 16.907ns
   Maximum combinational path delay: No path found

Timing Detail:
--------------
All values displayed in nanoseconds (ns)

=========================================================================
Timing constraint: Default period analysis for Clock 'clk'
  Clock period: 35.010ns (frequency: 28.564MHz)
  Total number of paths / destination ports: 9520814 / 2293
-------------------------------------------------------------------------
Delay:               17.505ns (Levels of Logic = 29)
  Source:            instr_cache/BU2/U0/blk_mem_generator/valid.cstr/has_mux_a.A/sel_pipe_0 (FF)
  Destination:       register/registers_31_31 (FF)
  Source Clock:      clk rising
  Destination Clock: clk falling

  Data Path: instr_cache/BU2/U0/blk_mem_generator/valid.cstr/has_mux_a.A/sel_pipe_0 to register/registers_31_31
                                Gate     Net
    Cell:in->out      fanout   Delay   Delay  Logical Name (Net Name)
    ----------------------------------------  ------------
     FDE:C->Q             64   0.626   2.026  U0/blk_mem_generator/valid.cstr/has_mux_a.A/sel_pipe_0 (U0/blk_mem_generator/valid.cstr/has_mux_a.A/sel_pipe<0>)
     LUT3:I0->O            1   0.479   0.000  U0/blk_mem_generator/valid.cstr/has_mux_a.A/Mmux_dout_mux_37 (U0/blk_mem_generator/valid.cstr/has_mux_a.A/Mmux_dout_mux_37)
     MUXF5:I1->O         258   0.314   2.676  U0/blk_mem_generator/valid.cstr/has_mux_a.A/Mmux_dout_mux_2_f5_6 (douta(16))
     end scope: 'BU2'
     end scope: 'instr_cache'
     BUF:I->O            259   0.479   2.739  instr_cache_douta<16>_1 (instr_cache_douta<16>_1)
     LUT3:I2->O            1   0.479   0.000  register/mux39_6 (register/mux39_6)
     MUXF5:I1->O           1   0.314   0.000  register/mux39_5_f5 (register/mux39_5_f5)
     MUXF6:I1->O           1   0.298   0.000  register/mux39_4_f6 (register/mux39_4_f6)
     MUXF7:I1->O           1   0.298   0.000  register/mux39_3_f7 (register/mux39_3_f7)
     MUXF8:I1->O           8   0.298   0.980  register/mux39_2_f8 (rt_val_16_OBUF)
     LUT4:I2->O            1   0.479   0.000  ALU/Madd_AUX_5_addsub0000_lut<16>1 (ALU/Madd_AUX_5_addsub0000_lut<16>1)
     MUXCY:S->O            1   0.435   0.000  ALU/Madd_AUX_5_addsub0000_cy<16> (ALU/Madd_AUX_5_addsub0000_cy<16>)
     MUXCY:CI->O           1   0.056   0.000  ALU/Madd_AUX_5_addsub0000_cy<17> (ALU/Madd_AUX_5_addsub0000_cy<17>)
     MUXCY:CI->O           1   0.056   0.000  ALU/Madd_AUX_5_addsub0000_cy<18> (ALU/Madd_AUX_5_addsub0000_cy<18>)
     MUXCY:CI->O           1   0.056   0.000  ALU/Madd_AUX_5_addsub0000_cy<19> (ALU/Madd_AUX_5_addsub0000_cy<19>)
     MUXCY:CI->O           1   0.056   0.000  ALU/Madd_AUX_5_addsub0000_cy<20> (ALU/Madd_AUX_5_addsub0000_cy<20>)
     MUXCY:CI->O           1   0.056   0.000  ALU/Madd_AUX_5_addsub0000_cy<21> (ALU/Madd_AUX_5_addsub0000_cy<21>)
     MUXCY:CI->O           1   0.056   0.000  ALU/Madd_AUX_5_addsub0000_cy<22> (ALU/Madd_AUX_5_addsub0000_cy<22>)
     MUXCY:CI->O           1   0.056   0.000  ALU/Madd_AUX_5_addsub0000_cy<23> (ALU/Madd_AUX_5_addsub0000_cy<23>)
     MUXCY:CI->O           1   0.056   0.000  ALU/Madd_AUX_5_addsub0000_cy<24> (ALU/Madd_AUX_5_addsub0000_cy<24>)
     MUXCY:CI->O           1   0.056   0.000  ALU/Madd_AUX_5_addsub0000_cy<25> (ALU/Madd_AUX_5_addsub0000_cy<25>)
     MUXCY:CI->O           1   0.056   0.000  ALU/Madd_AUX_5_addsub0000_cy<26> (ALU/Madd_AUX_5_addsub0000_cy<26>)
     MUXCY:CI->O           1   0.056   0.000  ALU/Madd_AUX_5_addsub0000_cy<27> (ALU/Madd_AUX_5_addsub0000_cy<27>)
     MUXCY:CI->O           1   0.056   0.000  ALU/Madd_AUX_5_addsub0000_cy<28> (ALU/Madd_AUX_5_addsub0000_cy<28>)
     MUXCY:CI->O           1   0.056   0.000  ALU/Madd_AUX_5_addsub0000_cy<29> (ALU/Madd_AUX_5_addsub0000_cy<29>)
     MUXCY:CI->O           1   0.056   0.000  ALU/Madd_AUX_5_addsub0000_cy<30> (ALU/Madd_AUX_5_addsub0000_cy<30>)
     XORCY:CI->O           5   0.786   0.806  ALU/Madd_AUX_5_addsub0000_xor<31> (ALU/mux_input1<31>)
     LUT4:I3->O            1   0.479   0.000  Mmux_reg_write_data5026_F (N659)
     MUXF5:I0->O           2   0.314   0.768  Mmux_reg_write_data5026 (Mmux_reg_write_data5026)
     LUT4:I3->O           16   0.479   0.000  Mmux_reg_write_data5067 (reg_write_data<31>)
     FDRE_1:D                  0.176          register/registers_16_31
    ----------------------------------------
    Total                     17.505ns (7.510ns logic, 9.995ns route)
                                       (42.9% logic, 57.1% route)

=========================================================================
Timing constraint: Default OFFSET IN BEFORE for Clock 'clk'
  Total number of paths / destination ports: 1036 / 1036
-------------------------------------------------------------------------
Offset:              9.307ns (Levels of Logic = 4)
  Source:            reset (PAD)
  Destination:       instr_cache/BU2/U0/blk_mem_generator/valid.cstr/has_mux_a.A/sel_pipe_0 (FF)
  Destination Clock: clk rising

  Data Path: reset to instr_cache/BU2/U0/blk_mem_generator/valid.cstr/has_mux_a.A/sel_pipe_0
                                Gate     Net
    Cell:in->out      fanout   Delay   Delay  Logical Name (Net Name)
    ----------------------------------------  ------------
     IBUF:I->O           356   0.715   3.153  reset_IBUF (reset_IBUF)
     BUF:I->O            356   0.479   3.212  reset_IBUF_1 (reset_IBUF_1)
     begin scope: 'instr_cache'
     begin scope: 'BU2'
     LUT3:I2->O            2   0.479   0.745  U0/blk_mem_generator/valid.cstr/has_mux_a.A/sel_pipe_and00001 (U0/blk_mem_generator/valid.cstr/has_mux_a.A/sel_pipe_and0000)
     FDE:CE                    0.524          U0/blk_mem_generator/valid.cstr/has_mux_a.A/sel_pipe_0
    ----------------------------------------
    Total                      9.307ns (2.197ns logic, 7.110ns route)
                                       (23.6% logic, 76.4% route)

=========================================================================
Timing constraint: Default OFFSET OUT AFTER for Clock 'ALU/zeroflag_and0000'
  Total number of paths / destination ports: 1 / 1
-------------------------------------------------------------------------
Offset:              6.141ns (Levels of Logic = 1)
  Source:            ALU/msb_1 (LATCH)
  Destination:       msb (PAD)
  Source Clock:      ALU/zeroflag_and0000 rising

  Data Path: ALU/msb_1 to msb
                                Gate     Net
    Cell:in->out      fanout   Delay   Delay  Logical Name (Net Name)
    ----------------------------------------  ------------
     LD_1:G->Q             1   0.551   0.681  ALU/msb_1 (ALU/msb_1)
     OBUF:I->O                 4.909          msb_OBUF (msb)
    ----------------------------------------
    Total                      6.141ns (5.460ns logic, 0.681ns route)
                                       (88.9% logic, 11.1% route)

=========================================================================
Timing constraint: Default OFFSET OUT AFTER for Clock 'clk'
  Total number of paths / destination ports: 8128 / 128
-------------------------------------------------------------------------
Offset:              16.907ns (Levels of Logic = 10)
  Source:            instr_cache/BU2/U0/blk_mem_generator/valid.cstr/has_mux_a.A/sel_pipe_0 (FF)
  Destination:       rs_val<29> (PAD)
  Source Clock:      clk rising

  Data Path: instr_cache/BU2/U0/blk_mem_generator/valid.cstr/has_mux_a.A/sel_pipe_0 to rs_val<29>
                                Gate     Net
    Cell:in->out      fanout   Delay   Delay  Logical Name (Net Name)
    ----------------------------------------  ------------
     FDE:C->Q             64   0.626   2.026  U0/blk_mem_generator/valid.cstr/has_mux_a.A/sel_pipe_0 (U0/blk_mem_generator/valid.cstr/has_mux_a.A/sel_pipe<0>)
     LUT3:I0->O            1   0.479   0.000  U0/blk_mem_generator/valid.cstr/has_mux_a.A/Mmux_dout_mux_313 (U0/blk_mem_generator/valid.cstr/has_mux_a.A/Mmux_dout_mux_313)
     MUXF5:I1->O         258   0.314   2.676  U0/blk_mem_generator/valid.cstr/has_mux_a.A/Mmux_dout_mux_2_f5_12 (douta(21))
     end scope: 'BU2'
     end scope: 'instr_cache'
     BUF:I->O            259   0.479   2.739  instr_cache_douta<21>_1 (instr_cache_douta<21>_1)
     LUT3:I2->O            1   0.479   0.000  register/mux21_6 (register/mux21_6)
     MUXF5:I1->O           1   0.314   0.000  register/mux21_5_f5 (register/mux21_5_f5)
     MUXF6:I1->O           1   0.298   0.000  register/mux21_4_f6 (register/mux21_4_f6)
     MUXF7:I1->O           1   0.298   0.000  register/mux21_3_f7 (register/mux21_3_f7)
     MUXF8:I1->O          11   0.298   0.972  register/mux21_2_f8 (rs_val_29_OBUF)
     OBUF:I->O                 4.909          rs_val_29_OBUF (rs_val<29>)
    ----------------------------------------
    Total                     16.907ns (8.494ns logic, 8.413ns route)
                                       (50.2% logic, 49.8% route)

=========================================================================


Total REAL time to Xst completion: 30.00 secs
Total CPU time to Xst completion: 29.96 secs
 
--> 


Total memory usage is 572176 kilobytes

Number of errors   :    0 (   0 filtered)
Number of warnings :   25 (   0 filtered)
Number of infos    :   26 (   0 filtered)

